BBa_K380009_A_20830_Coding_"Protein_A_Z-domain"	Pseudogene_E"FakeGeneE_Biorisk"[taxid=560]_1	Pseudogene_E"FakeGeneE_Biorisk"[taxid=560]_1		1.97e-23	74.3	90.9	174	41	172	45	1	0
