# BLASTX 2.15.0+
# Query: BBa_K380009_A_20830_Coding_"Protein_A_Z-domain"
# Database: /root/repo/json/common-mechanism/commec/tests/test_dbs/nr_blast/nr
# Fields: query acc., subject title, subject acc., subject tax ids, evalue, bit score, % identity, query length, q. start, q. end, subject length, s. start, s. end
# 1 hits found
BBa_K380009_A_20830_Coding_"Protein_A_Z-domain"	Pseudogene_E"FakeGeneE_Biorisk"[taxid=560]_1	Pseudogene_E"FakeGeneE_Biorisk"[taxid=560]_1	0	3.67e-23	73.6	90.909	174	41	172	45	1	44
# BLAST processed 1 queries
